exports[`Loaders matches snapshots 1`] = `
Object {
  "babel": Object {
    "default": Object {
      "loader": "babel-loader",
      "options": Object {
        "cacheDirectory": true,
      },
      "test": /\\.js?$/,
    },
  },
  "files": Object {
    "default": Object {
      "loader": "file-loader",
      "test": /\\.jpe?g$|\\.gif$|\\.png$|\\.svg$|\\.woff$|\\.ttf$|\\.eot|\\.wav$|\\.mp3$/,
    },
  },
  "styles": Object {
    "css": Object {
      "default": Object {
        "test": /\\.css?$/,
        "use": Array [
          Object {
            "loader": "style-loader",
          },
          Object {
            "loader": "css-loader",
            "options": Object {
              "importLoaders": 1,
              "localIdentName": "[name]__[local]___[hash:base64:5]",
              "sourceMap": true,
            },
          },
          Object {
            "loader": "postcss-loader",
            "options": Object {
              "plugins": [Function],
            },
          },
        ],
      },
      "extracted": Object {
        "test": /\\.css?$/,
        "use": Array [
          Object {
            "loader": "/Users/jake/Sites/Codecademy/npm/webpack-config/node_modules/extract-text-webpack-plugin/loader.js",
            "options": Object {
              "omit": 1,
              "remove": true,
            },
          },
          Object {
            "loader": "style-loader",
          },
          Object {
            "loader": "css-loader",
            "options": Object {
              "importLoaders": 1,
              "localIdentName": "[name]__[local]___[hash:base64:5]",
              "sourceMap": true,
            },
          },
          Object {
            "loader": "postcss-loader",
            "options": Object {
              "plugins": [Function],
            },
          },
        ],
      },
      "server": Object {
        "test": /\\.css?$/,
        "use": Array [
          Object {
            "loader": "css-loader/locals",
            "options": Object {
              "importLoaders": 1,
              "localIdentName": "[name]__[local]___[hash:base64:5]",
              "sourceMap": true,
            },
          },
        ],
      },
    },
    "scss": Object {
      "default": Object {
        "test": /\\.scss?$/,
        "use": Array [
          Object {
            "loader": "style-loader",
          },
          Object {
            "loader": "css-loader",
            "options": Object {
              "importLoaders": 1,
              "localIdentName": "[name]__[local]___[hash:base64:5]",
              "modules": true,
              "sourceMap": true,
            },
          },
          Object {
            "loader": "postcss-loader",
            "options": Object {
              "plugins": [Function],
            },
          },
          Object {
            "loader": "sass-loader",
            "options": Object {
              "sourceMap": true,
            },
          },
        ],
      },
      "extracted": Object {
        "test": /\\.scss?$/,
        "use": Array [
          Object {
            "loader": "/Users/jake/Sites/Codecademy/npm/webpack-config/node_modules/extract-text-webpack-plugin/loader.js",
            "options": Object {
              "omit": 1,
              "remove": true,
            },
          },
          Object {
            "loader": "style-loader",
          },
          Object {
            "loader": "css-loader",
            "options": Object {
              "importLoaders": 1,
              "localIdentName": "[name]__[local]___[hash:base64:5]",
              "modules": true,
              "sourceMap": true,
            },
          },
          Object {
            "loader": "postcss-loader",
            "options": Object {
              "plugins": [Function],
            },
          },
          Object {
            "loader": "sass-loader",
            "options": Object {
              "sourceMap": true,
            },
          },
        ],
      },
      "server": Object {
        "test": /\\.scss?$/,
        "use": Array [
          Object {
            "loader": "css-loader/locals",
            "options": Object {
              "importLoaders": 1,
              "localIdentName": "[name]__[local]___[hash:base64:5]",
              "modules": true,
              "sourceMap": true,
            },
          },
          Object {
            "loader": "postcss-loader",
            "options": Object {
              "plugins": [Function],
            },
          },
          Object {
            "loader": "sass-loader",
            "options": Object {
              "sourceMap": true,
            },
          },
        ],
      },
    },
  },
}
`;
